25 calls
50 calls
75 calls
100 calls
125 calls
ERROR S2680 zai/glm-5.3 solve: No object generated: response did not match schema. | text: [
  {
    "expected": "array",
    "code": "invalid_type",
    "path": [
      "other_defensible"
    ],
    "message": "Invalid input: expected array, received undefined"
  }
]
150 calls
175 calls
200 calls
225 calls
250 calls
275 calls
300 calls
325 calls
350 calls
375 calls
400 calls
425 calls
450 calls
475 calls
500 calls
525 calls
550 calls
wrote ../content-seed/task0065-seed-pilot-bio-u1-2026-10-07/judging/run/judgements.jsonl (552 calls)
