=== restart Sat Oct 10 00:29:03 UTC 2026 after narrowing the figure lint ===
ap_biology__2.5__1: escalated after 3 candidate(s)
ap_biology__2.9__1: escalated after 3 candidate(s)
ap_biology__2.2__1: escalated after 3 candidate(s)
ap_biology__1.5__1: escalated after 3 candidate(s)
ap_biology__1.2__1: escalated after 3 candidate(s)
ap_biology__3.3__1: escalated after 3 candidate(s)
ap_biology__1.6__1: escalated after 3 candidate(s)
ap_calculus_ab__1.1__1: escalated after 3 candidate(s)
ap_calculus_ab__1.12__1: escalated after 3 candidate(s)
ap_calculus_ab__1.3__1: escalated after 3 candidate(s)
ap_biology__2.4__1: escalated after 3 candidate(s)
=== resume Sat Oct 10 01:21:21 UTC 2026 after AP-level rule calibration (controls 8/8 re-passed) ===
ap_biology__3.3__1: escalated after 3 candidate(s)
ap_biology__2.5__1: escalated after 3 candidate(s)
ap_biology__1.6__1: accepted after 1 candidate(s)
ap_calculus_ab__1.1__1: escalated after 3 candidate(s)
ap_calculus_ab__1.2__1: accepted after 1 candidate(s)
ap_biology__2.9__1: escalated after 3 candidate(s)
ap_calculus_ab__1.3__1: escalated after 3 candidate(s)
ap_calculus_ab__1.5__1: accepted after 1 candidate(s)
ap_calculus_ab__1.12__1: accepted after 2 candidate(s)
ap_calculus_ab__2.2__1: escalated after 3 candidate(s)
ap_biology__1.5__1: escalated after 3 candidate(s)
ap_biology__2.4__1: accepted after 2 candidate(s)
ap_biology__2.2__1: escalated after 3 candidate(s)
ap_calculus_ab__2.5__1: escalated after 3 candidate(s)
ap_calculus_ab__1.4__1: accepted after 2 candidate(s)
ap_calculus_ab__2.7__1: escalated after 3 candidate(s)
ap_calculus_ab__1.9__1: accepted after 3 candidate(s)
ap_biology__3.1__1: escalated after 3 candidate(s)
ap_calculus_bc__1.1__1: escalated after 3 candidate(s)
ap_calculus_bc__1.15__1: escalated after 3 candidate(s)
ap_calculus_bc__1.12__1: accepted after 1 candidate(s)
ap_calculus_bc__1.3__1: escalated after 3 candidate(s)
ap_calculus_bc__1.4__1: accepted after 1 candidate(s)
ap_calculus_bc__2.10__1: escalated after 3 candidate(s)
ap_calculus_ab__2.1__1: escalated after 3 candidate(s)
ap_calculus_bc__1.2__1: accepted after 1 candidate(s)
ap_biology__1.2__1: escalated after 3 candidate(s)
ap_calculus_bc__2.6__1: escalated after 3 candidate(s)
ap_calculus_bc__1.5__1: escalated after 3 candidate(s)
=== resume Sat Oct 10 01:43:55 UTC 2026 after narrowing the figure lint (23 false-positive candidates dropped, 8 topics reopened) ===
ap_biology__1.2__1: escalated after 3 candidate(s)
ap_biology__1.5__1: escalated after 3 candidate(s)
ap_biology__1.6__1: accepted after 1 candidate(s)
ap_biology__2.2__1: escalated after 3 candidate(s)
ap_biology__2.4__1: accepted after 2 candidate(s)
ap_biology__2.5__1: escalated after 3 candidate(s)
ap_biology__2.9__1: escalated after 3 candidate(s)
ap_biology__3.1__1: escalated after 3 candidate(s)
ap_biology__3.3__1: escalated after 3 candidate(s)
ap_calculus_ab__1.1__1: escalated after 3 candidate(s)
ap_calculus_ab__1.12__1: accepted after 2 candidate(s)
ap_calculus_ab__1.2__1: accepted after 1 candidate(s)
ap_calculus_ab__1.4__1: accepted after 2 candidate(s)
ap_calculus_ab__1.5__1: accepted after 1 candidate(s)
ap_calculus_ab__1.9__1: accepted after 3 candidate(s)
ap_calculus_ab__2.1__1: escalated after 3 candidate(s)
ap_calculus_bc__1.1__1: escalated after 3 candidate(s)
ap_calculus_bc__1.12__1: accepted after 1 candidate(s)
ap_calculus_bc__1.2__1: accepted after 1 candidate(s)
ap_calculus_bc__1.4__1: accepted after 1 candidate(s)
ap_calculus_bc__1.5__1: escalated after 3 candidate(s)
ap_calculus_bc__2.1__1: escalated after 3 candidate(s)
ap_calculus_bc__2.3__1: accepted after 1 candidate(s)
ap_calculus_ab__2.7__1: accepted after 1 candidate(s)
ap_biology__1.4__1: escalated after 3 candidate(s)
ap_calculus_ab__1.3__1: accepted after 2 candidate(s)
ap_calculus_bc__2.10__1: escalated after 3 candidate(s)
ap_calculus_bc__3.5__1: escalated after 3 candidate(s)
ap_calculus_bc__1.15__1: escalated after 3 candidate(s)
ap_chemistry__1.4__1: escalated after 3 candidate(s)
ap_chemistry__1.7__1: accepted after 1 candidate(s)
ap_calculus_bc__1.9__1: escalated after 3 candidate(s)
ap_calculus_bc__2.6__1: accepted after 2 candidate(s)
ap_chemistry__1.2__1: escalated after 3 candidate(s)
ap_chemistry__1.5__1: escalated after 3 candidate(s)
ap_chemistry__1.3__1: escalated after 3 candidate(s)
ap_chemistry__2.4__1: escalated after 3 candidate(s)
ap_chemistry__1.6__1: accepted after 3 candidate(s)
ap_chemistry__2.2__1: accepted after 2 candidate(s)
ap_calculus_ab__2.5__1: escalated after 3 candidate(s)
ap_calculus_ab__2.2__1: escalated after 3 candidate(s)
ap_chemistry__2.5__1: accepted after 1 candidate(s)
ap_chemistry__2.3__1: accepted after 2 candidate(s)
ap_physics_1__2.4__1: escalated after 3 candidate(s)
ap_physics_1__2.6__1: escalated after 3 candidate(s)
ap_physics_1__3.1__1: escalated after 3 candidate(s)
ap_physics_1__1.1__1: escalated after 3 candidate(s)
ap_physics_2__9.2__1: escalated after 3 candidate(s)
ap_physics_2__9.3__1: escalated after 3 candidate(s)
ap_physics_2__9.5__1: escalated after 3 candidate(s)
ap_physics_2__9.6__1: escalated after 3 candidate(s)
ap_physics_2__10.1__1: escalated after 3 candidate(s)
ap_physics_1__3.3__1: escalated after 3 candidate(s)
ap_physics_1__2.2__1: escalated after 3 candidate(s)
ap_physics_2__10.2__1: escalated after 3 candidate(s)
ap_physics_2__11.1__1: escalated after 3 candidate(s)
ap_physics_2__11.2__1: escalated after 3 candidate(s)
ap_physics_2__11.3__1: escalated after 3 candidate(s)
ap_physics_1__2.1__1: escalated after 3 candidate(s)
ap_physics_2__11.4__1: escalated after 3 candidate(s)
ap_chemistry__1.8__1: escalated after 3 candidate(s)
ap_physics_2__11.6__1: escalated after 3 candidate(s)
ap_physics_2__11.7__1: escalated after 3 candidate(s)
ap_physics_c_em__8.1__1: escalated after 3 candidate(s)
ap_physics_c_em__8.2__1: escalated after 3 candidate(s)
ap_physics_c_em__8.5__1: escalated after 3 candidate(s)
ap_physics_2__10.4__1: escalated after 3 candidate(s)
ap_physics_c_mechanics__1.1__1: escalated after 3 candidate(s)
ap_physics_2__10.3__1: escalated after 3 candidate(s)
ap_physics_c_mechanics__2.1__1: escalated after 3 candidate(s)
ap_physics_c_mechanics__2.3__1: escalated after 3 candidate(s)
ap_physics_c_mechanics__2.2__1: escalated after 3 candidate(s)
ap_physics_c_mechanics__2.4__1: escalated after 3 candidate(s)
ap_physics_c_mechanics__2.7__1: escalated after 3 candidate(s)
ap_physics_c_mechanics__2.5__1: escalated after 3 candidate(s)
ap_physics_c_mechanics__3.1__1: escalated after 3 candidate(s)
ap_physics_c_mechanics__2.8__1: escalated after 3 candidate(s)
ap_physics_c_mechanics__3.5__1: escalated after 3 candidate(s)
ap_precalculus__1.1__1: escalated after 3 candidate(s)
ap_precalculus__1.12__1: escalated after 3 candidate(s)
ap_precalculus__1.2__1: escalated after 3 candidate(s)
ap_precalculus__1.3__1: escalated after 3 candidate(s)
ap_precalculus__1.4__1: escalated after 3 candidate(s)
ap_physics_c_em__10.2__1: escalated after 3 candidate(s)
ap_precalculus__1.8__1: escalated after 3 candidate(s)
ap_precalculus__2.3__1: escalated after 3 candidate(s)
ap_precalculus__2.6__1: escalated after 3 candidate(s)
ap_physics_c_mechanics__1.4__1: escalated after 3 candidate(s)
ap_precalculus__2.7__1: escalated after 3 candidate(s)
ap_precalculus__3.1__1: escalated after 3 candidate(s)
ap_precalculus__2.9__1: escalated after 3 candidate(s)
ap_precalculus__2.4__1: escalated after 3 candidate(s)
ap_precalculus__3.11__1: escalated after 3 candidate(s)
ap_physics_1__2.3__1: escalated after 3 candidate(s)
ap_precalculus__3.13__1: escalated after 3 candidate(s)
ap_precalculus__3.15__1: escalated after 3 candidate(s)
ap_precalculus__3.2__1: escalated after 3 candidate(s)
ap_precalculus__3.3__1: escalated after 3 candidate(s)
ap_precalculus__3.4__1: escalated after 3 candidate(s)
ap_precalculus__3.5__1: escalated after 3 candidate(s)
ap_precalculus__3.8__1: escalated after 3 candidate(s)
ap_precalculus__3.9__1: escalated after 3 candidate(s)
ap_statistics__1.1__1: escalated after 3 candidate(s)
ap_statistics__2.7__1: escalated after 3 candidate(s)
ap_statistics__3.1__1: escalated after 3 candidate(s)
ap_statistics__2.2__1: escalated after 3 candidate(s)
ap_statistics__3.10__1: escalated after 3 candidate(s)
ap_precalculus__2.1__1: escalated after 3 candidate(s)
ap_statistics__3.11__1: escalated after 3 candidate(s)
ap_statistics__3.12__1: escalated after 3 candidate(s)
ap_statistics__3.14__1: escalated after 3 candidate(s)
ap_statistics__3.4__1: escalated after 3 candidate(s)
ap_precalculus__3.12__1: escalated after 3 candidate(s)
ap_statistics__3.13__1: escalated after 3 candidate(s)
ap_statistics__3.5__1: escalated after 3 candidate(s)
ap_statistics__3.6__1: escalated after 3 candidate(s)
ap_statistics__3.8__1: escalated after 3 candidate(s)
ap_statistics__3.9__1: escalated after 3 candidate(s)
ap_chemistry__3.11__1: escalated after 3 candidate(s)
ap_calculus_bc__1.3__1: accepted after 3 candidate(s)
ap_chemistry__3.5__1: escalated after 3 candidate(s)
ap_chemistry__3.12__1: escalated after 3 candidate(s)
ap_chemistry__3.8__1: escalated after 3 candidate(s)
ap_chemistry__2.1__1: escalated after 3 candidate(s)
ap_chemistry__1.1__1: escalated after 3 candidate(s)
ap_chemistry__3.3__1: escalated after 3 candidate(s)
RUN_EXIT=0
=== checks-only run Sat Oct 10 03:03:02 UTC 2026 (session-authored items, --no-author) ===
ap_biology__1.6__1: accepted after 1 candidate(s)
ap_biology__2.4__1: accepted after 2 candidate(s)
ap_calculus_ab__1.12__1: accepted after 2 candidate(s)
ap_calculus_ab__1.2__1: accepted after 1 candidate(s)
ap_calculus_ab__1.3__1: accepted after 2 candidate(s)
ap_calculus_ab__1.4__1: accepted after 2 candidate(s)
ap_calculus_ab__1.5__1: accepted after 1 candidate(s)
ap_calculus_ab__1.9__1: accepted after 3 candidate(s)
ap_calculus_ab__2.7__1: accepted after 1 candidate(s)
ap_calculus_bc__1.12__1: accepted after 1 candidate(s)
ap_calculus_bc__1.2__1: accepted after 1 candidate(s)
ap_calculus_bc__1.3__1: accepted after 3 candidate(s)
ap_calculus_bc__1.4__1: accepted after 1 candidate(s)
ap_calculus_ab__2.5__1: accepted after 1 candidate(s)
ap_calculus_ab__1.1__1: given_flagged after 1 candidate(s)
ap_biology__2.5__1: given_flagged after 1 candidate(s)
ap_calculus_bc__2.3__1: accepted after 1 candidate(s)
ap_calculus_bc__2.6__1: accepted after 2 candidate(s)
ap_calculus_bc__1.1__1: given_flagged after 1 candidate(s)
ap_biology__1.5__1: accepted after 1 candidate(s)
ap_calculus_bc__1.9__1: accepted after 1 candidate(s)
ap_calculus_ab__2.2__1: accepted after 1 candidate(s)
ap_calculus_bc__1.15__1: given_flagged after 1 candidate(s)
ap_biology__3.1__1: given_flagged after 1 candidate(s)
ap_chemistry__1.6__1: accepted after 3 candidate(s)
ap_chemistry__1.7__1: accepted after 1 candidate(s)
ap_biology__1.2__1: accepted after 1 candidate(s)
ap_calculus_bc__2.1__1: accepted after 1 candidate(s)
ap_chemistry__2.2__1: accepted after 2 candidate(s)
ap_chemistry__2.3__1: accepted after 2 candidate(s)
ap_calculus_bc__2.10__1: accepted after 1 candidate(s)
ap_chemistry__2.5__1: accepted after 1 candidate(s)
ap_calculus_bc__3.5__1: accepted after 1 candidate(s)
ap_chemistry__2.1__1: accepted after 1 candidate(s)
ap_chemistry__1.1__1: accepted after 1 candidate(s)
ap_chemistry__1.2__1: accepted after 1 candidate(s)
ap_biology__1.4__1: accepted after 1 candidate(s)
ap_chemistry__1.3__1: given_flagged after 1 candidate(s)
ap_chemistry__1.8__1: accepted after 1 candidate(s)
ap_chemistry__3.11__1: accepted after 1 candidate(s)
ap_chemistry__3.12__1: given_flagged after 1 candidate(s)
ap_chemistry__3.3__1: accepted after 1 candidate(s)
ap_biology__3.3__1: accepted after 1 candidate(s)
ap_calculus_bc__1.5__1: accepted after 1 candidate(s)
ap_physics_1__1.1__1: given_flagged after 1 candidate(s)
ap_physics_1__2.1__1: given_flagged after 1 candidate(s)
ap_biology__2.9__1: accepted after 1 candidate(s)
ap_chemistry__2.4__1: accepted after 1 candidate(s)
ap_chemistry__1.4__1: given_flagged after 1 candidate(s)
ap_calculus_ab__2.1__1: given_flagged after 1 candidate(s)
ap_biology__2.2__1: accepted after 1 candidate(s)
ap_chemistry__3.5__1: given_flagged after 1 candidate(s)
ap_chemistry__1.5__1: given_flagged after 1 candidate(s)
ap_physics_1__3.3__1: accepted after 1 candidate(s)
ap_chemistry__3.8__1: given_flagged after 1 candidate(s)
ap_physics_2__11.2__1: given_flagged after 1 candidate(s)
ap_physics_1__2.6__1: accepted after 1 candidate(s)
ap_physics_2__10.2__1: given_flagged after 1 candidate(s)
ap_physics_2__9.6__1: accepted after 1 candidate(s)
ap_physics_2__11.3__1: given_flagged after 1 candidate(s)
ap_physics_2__10.4__1: given_flagged after 1 candidate(s)
ap_physics_2__11.1__1: given_flagged after 1 candidate(s)
ap_physics_1__3.1__1: given_flagged after 1 candidate(s)
ap_physics_1__2.4__1: accepted after 1 candidate(s)
ap_physics_2__9.3__1: given_flagged after 1 candidate(s)
ap_physics_1__2.2__1: given_flagged after 1 candidate(s)
ap_physics_2__10.3__1: given_flagged after 1 candidate(s)
ap_physics_2__11.7__1: given_flagged after 1 candidate(s)
ap_physics_2__9.5__1: given_flagged after 1 candidate(s)
ap_physics_2__10.1__1: given_flagged after 1 candidate(s)
ap_physics_c_mechanics__1.4__1: given_flagged after 1 candidate(s)
ap_physics_c_mechanics__2.1__1: given_flagged after 1 candidate(s)
ap_physics_c_em__8.2__1: given_flagged after 1 candidate(s)
ap_physics_c_mechanics__1.1__1: given_flagged after 1 candidate(s)
ap_physics_1__2.3__1: given_flagged after 1 candidate(s)
ap_physics_2__9.2__1: given_flagged after 1 candidate(s)
ap_precalculus__1.1__1: given_flagged after 1 candidate(s)
ap_physics_c_mechanics__2.3__1: given_flagged after 1 candidate(s)
ap_physics_c_mechanics__2.2__1: given_flagged after 1 candidate(s)
ap_physics_c_mechanics__2.5__1: accepted after 1 candidate(s)
ap_physics_c_mechanics__3.1__1: accepted after 1 candidate(s)
ap_precalculus__1.4__1: given_flagged after 1 candidate(s)
ap_precalculus__1.3__1: given_flagged after 1 candidate(s)
ap_physics_2__11.4__1: given_flagged after 1 candidate(s)
ap_physics_2__11.6__1: given_flagged after 1 candidate(s)
ap_physics_c_em__8.5__1: given_flagged after 1 candidate(s)
ap_physics_c_mechanics__2.7__1: accepted after 1 candidate(s)
ap_precalculus__1.2__1: given_flagged after 1 candidate(s)
ap_precalculus__2.4__1: given_flagged after 1 candidate(s)
ap_physics_c_em__10.2__1: given_flagged after 1 candidate(s)
ap_precalculus__2.7__1: given_flagged after 1 candidate(s)
ap_physics_c_mechanics__3.5__1: given_flagged after 1 candidate(s)
ap_precalculus__1.12__1: given_flagged after 1 candidate(s)
ap_precalculus__3.4__1: given_flagged after 1 candidate(s)
ap_precalculus__2.3__1: given_flagged after 1 candidate(s)
ap_precalculus__3.11__1: given_flagged after 1 candidate(s)
ap_precalculus__3.13__1: given_flagged after 1 candidate(s)
ap_physics_c_em__8.1__1: given_flagged after 1 candidate(s)
ap_precalculus__2.6__1: given_flagged after 1 candidate(s)
ap_precalculus__2.1__1: given_flagged after 1 candidate(s)
ap_precalculus__3.1__1: given_flagged after 1 candidate(s)
ap_statistics__1.1__1: given_flagged after 1 candidate(s)
ap_physics_c_mechanics__2.8__1: given_flagged after 1 candidate(s)
ap_precalculus__3.3__1: given_flagged after 1 candidate(s)
ap_precalculus__1.8__1: given_flagged after 1 candidate(s)
ap_precalculus__3.5__1: accepted after 1 candidate(s)
ap_precalculus__3.9__1: given_flagged after 1 candidate(s)
ap_statistics__3.11__1: given_flagged after 1 candidate(s)
ap_physics_c_mechanics__2.4__1: given_flagged after 1 candidate(s)
ap_precalculus__2.9__1: accepted after 1 candidate(s)
ap_statistics__2.2__1: given_flagged after 1 candidate(s)
ap_statistics__3.4__1: given_flagged after 1 candidate(s)
ap_precalculus__3.12__1: given_flagged after 1 candidate(s)
ap_statistics__2.7__1: given_flagged after 1 candidate(s)
ap_statistics__3.8__1: accepted after 1 candidate(s)
ap_precalculus__3.8__1: given_flagged after 1 candidate(s)
ap_statistics__3.5__1: given_flagged after 1 candidate(s)
ap_statistics__3.12__1: given_flagged after 1 candidate(s)
ap_precalculus__3.2__1: given_flagged after 1 candidate(s)
ap_statistics__3.6__1: accepted after 1 candidate(s)
ap_precalculus__3.15__1: given_flagged after 1 candidate(s)
ap_statistics__3.1__1: given_flagged after 1 candidate(s)
ap_statistics__3.13__1: accepted after 1 candidate(s)
ap_statistics__3.9__1: given_flagged after 1 candidate(s)
ap_statistics__3.14__1: given_flagged after 1 candidate(s)
ap_statistics__3.10__1: given_flagged after 1 candidate(s)
CHECKS_EXIT=0
