2026-10-02T18:12:17Z|1790964737|0 setup|start|15000000|run begins; counter at turn start
2026-10-02T18:12:50Z|1790964770|1 live set + packets|start|14992010|census run; agent fetch launched
2026-10-02T18:13:41Z|1790964821|5 grid prep (done during step-1 wait)|start|14974371|
2026-10-02T18:13:41Z|1790964821|5 grid prep (done during step-1 wait)|end|14973000|
2026-10-02T18:14:21Z|1790964861|1 live set + packets|end|14970000|agent fetch done, md5 verified
2026-10-02T18:14:21Z|1790964861|3 probe: topic+unit, all 119 items|start|14970000|3 families x 2 samples
2026-10-02T18:24:27Z|1790965467|1 live set + packets|subagent_tokens|96548|ac5e46a26b48f01de, 13 tool uses, 82.7s agent runtime
2026-10-02T18:31:19Z|1790965879|3 probe: topic+unit, all 119 items|end|14968000|714 calls done
2026-10-02T18:31:30Z|1790965890|2 content integrity (S0a) on 25 scope MCQs|start|14965000|
2026-10-02T18:44:09Z|1790966649|2 content integrity (S0a) on 25 scope MCQs|end|14921000|audit+patched recheck+repair applied (APPROVAL-0074)
2026-10-02T18:44:09Z|1790966649|3+4 topic cells + serving labels (scope 37)|start|14921000|
2026-10-02T18:45:52Z|1790966752|3+4 topic cells + serving labels (scope 37)|end|14895000|applied; 2 dup-active-label items fixed
2026-10-02T18:45:52Z|1790966752|5 grid apply (Phase A)|start|14895000|SQL prepared earlier during step-1 wait
2026-10-02T18:46:25Z|1790966785|5 grid apply (Phase A)|end|14886000|applied via apply_migration
2026-10-02T18:46:25Z|1790966785|6 skill labels, 4 voters, 36 items|start|14886000|
2026-10-02T18:48:09Z|1790966889|6 skill labels, 4 voters, 36 items|end|14885000|voting done; write pending
2026-10-02T18:48:53Z|1790966933|6 skill labels, 4 voters, 36 items|write_applied|14878000|30 validated 4 provisional 2 none
2026-10-02T18:48:53Z|1790966933|7 variants (authoring+checks, no load)|start|14878000|
2026-10-02T18:50:03Z|1790967003|7a variant authoring (5 parallel agents)|start|14864000|agents ad8a074b, acd61a7e, a907b4ad, a37a245d, a25ab5a2
2026-10-02T18:55:06Z|1790967306|7a variant authoring (5 parallel agents)|end|14850000|all 5 batches reported; agent tokens b1 117122 b3 113732 b4 114255 b5 121575 (b2 pending notification)
2026-10-02T18:55:12Z|1790967312|7a variant authoring (5 parallel agents)|subagent_tokens|594883|sum of 5 agents; longest agent 311s
2026-10-02T18:55:18Z|1790967318|7b assemble + export|end|14848000|1 length-parity defect fixed at assembly; letters drawn once
2026-10-02T18:55:26Z|1790967326|7c model checks on 75 variants (audit+CED+labels)|start|14847000|3 workloads concurrent
2026-10-02T19:22:18Z|1790968938|7d patch round 1 + re-audit (21 items)|start|14819000|
2026-10-02T19:26:52Z|1790969212|7d patch round 1 + re-audit (21 items)|end|14803000|re-audit 20/21 clean, 1 nit fixed; seed repair round 2 applied (025,027)
2026-10-02T19:27:36Z|1790969256|7e CED check on the 25 seeds (gap found)|start|14796000|
2026-10-02T19:37:10Z|1790969830|7e CED check on the 25 seeds (gap found)|end|14793000|
2026-10-02T19:37:53Z|1790969873|7f patch round 2 (028 shape-only) + hold 007 trio|start|14791000|
2026-10-02T19:38:24Z|1790969904|7f patch round 2 (028 shape-only) + hold 007 trio|end|14786800|
2026-10-02T19:38:24Z|1790969904|7 variants (authoring+checks, no load)|end|14786800|75 drafts, 72 in load set (007 trio held), no load
2026-10-02T21:04:21Z|1790975061|8 load variants to Production|start|14992900|user: load the variants
2026-10-02T21:09:13Z|1790975353|8 load variants to Production|end|14984000|72 drafts loaded, md5 exact 72/72; 4 loader agents 432523 tokens
2026-10-02T21:09:13Z|1790975353|9 publish variants|start|14984000|
